// Jest Snapshot v1, https://goo.gl/fbAQLP

exports[`CLI help interface for 'authz policy import' should be expected english 1`] = `
"Usage: frodo authz policy import [options] [host] [realm] [username] [password]

Import authorization policies.

Arguments:
  host                         AM base URL, e.g.:
                               https://cdk.iam.example.com/am. To use a
                               connection profile, just specify a unique
                               substring or alias.
  realm                        Realm. Specify realm as '/' for the root realm or
                               'realm' or '/parent/child' otherwise. (default:
                               "alpha" for Identity Cloud tenants, "/"
                               otherwise.)
  username                     Username to login with. Must be an admin user
                               with appropriate rights to manage authentication
                               journeys/trees.
  password                     Password.

Options:
  -a, --all                    Import all policies from single file. Ignored
                               with -i.
  -A, --all-separate           Import all policies from separate files
                               (*.policy.authz.json) in the current directory.
                               Ignored with -i or -a.
  -f, --file <file>            Name of the file to import.
  -i, --policy-id <policy-id>  Policy id. If specified, only one policy is
                               imported and the options -a and -A are ignored.
  --no-deps                    Do not import dependencies (scripts) even if they
                               are available in the import file.
  --prereqs                    Import prerequisites (policy sets, resource
                               types) if they are available in the import file.
  --set-id <set-id>            Import policies into this policy set.
  -h, --help                   Help
  -hh, --help-more             Help with all options.
  -hhh, --help-all             Help with all options, environment variables, and
                               usage examples.
"
`;
