// Jest Snapshot v1, https://goo.gl/fbAQLP

exports[`CLI help interface for 'esv secret version' should be expected english 1`] = `
"Usage: frodo esv secret version [options] [command]

Manage secret versions.

Options:
  -h, --help      Help

Commands:
  activate        Activate version.
  create          Create new version.
  deactivate      Deactivate version.
  delete          Delete version.
  help [command]  display help for command
  list            List versions.
"
`;
