// Jest Snapshot v1, https://goo.gl/fbAQLP

exports[`CLI help interface for 'esv secret' should be expected english 1`] = `
"Usage: frodo esv secret [options] [command]

Manages secrets.

Options:
  -h, --help      Help

Commands:
  create          Create secrets.
  delete          Delete secrets.
  describe        Describe secret.
  export          Export secrets.
  help [command]  display help for command
  list            List secrets.
  set             Set secret descriptions.
  version         Manage secret versions.
"
`;
