// Jest Snapshot v1, https://goo.gl/fbAQLP

exports[`CLI help interface for 'esv variable import' should be expected english 1`] = `
"Usage: frodo esv variable import [options] [host] [username] [password]

Import variables.

Arguments:
  host                             AM base URL, e.g.:
                                   https://cdk.iam.example.com/am. To use a
                                   connection profile, just specify a unique
                                   substring or alias.
  username                         Username to login with. Must be an admin user
                                   with appropriate rights to manage
                                   authentication journeys/trees.
  password                         Password.

Deployment: Cloud-only

Options:
  -a, --all                        Import all variables from single file.
                                   Ignored with -i.
  -A, --all-separate               Import all variables from separate files
                                   (*.variable.json) in the current directory.
                                   Ignored with -i or -a.
  -f, --file <file>                Name of the file to import.
  -i, --variable-id <variable-id>  Variable id. If specified, only one variable
                                   is imported and the options -a and -A are
                                   ignored.
  -h, --help                       Help
  -hh, --help-more                 Help with all options.
  -hhh, --help-all                 Help with all options, environment variables,
                                   and usage examples.
"
`;
