// Jest Snapshot v1, https://goo.gl/fbAQLP

exports[`CLI help interface for 'esv secret export' should be expected english 1`] = `
"Usage: frodo esv secret export [options] [host] [username] [password]

Export secrets.

Arguments:
  host                         AM base URL, e.g.:
                               https://cdk.iam.example.com/am. To use a
                               connection profile, just specify a unique
                               substring or alias.
  username                     Username to login with. Must be an admin user
                               with appropriate rights to manage authentication
                               journeys/trees.
  password                     Password.

Deployment: Cloud-only

Options:
  -a, --all                    Export all secrets to a single file. Ignored with
                               -i.
  -A, --all-separate           Export all sub1s to separate files
                               (*.secret.json) in the current directory. Ignored
                               with -i or -a.
  -f, --file <file>            Name of the export file.
  -i, --secret-id <secret-id>  Secret id. If specified, -a and -A are ignored.
  --include-active-values      Include the currently active (and loaded) secret
                               value in the export. By default, secret values
                               are encrypted server-side in the environment they
                               are exported from. Use --target <host url> to
                               have another environment perform the encryption.
  -M, --modified-properties    Include modified properties in export (e.g.
                               lastModifiedDate, lastModifiedBy, createdBy,
                               creationDate, etc.) (default: false)
  -N, --no-metadata            Does not include metadata in the export file.
  --target <host url>          Host URL of the environment to perform secret
                               value encryption. The URL must resolve to an
                               existing connection profile. Use this option to
                               generate an export that can be imported into the
                               target environment without requiring admin access
                               to the source environment.
  -h, --help                   Help
  -hh, --help-more             Help with all options.
  -hhh, --help-all             Help with all options, environment variables, and
                               usage examples.
"
`;
