// Jest Snapshot v1, https://goo.gl/fbAQLP

exports[`CLI help interface for 'esv apply' should be expected english 1`] = `
"Usage: frodo esv apply [options] [host] [username] [password]

Apply pending changes to secrets and variables. Applying pending changes
requires a restart of the AM and IDM pods and can take up to 10 minutes to
complete.

Arguments:
  host                 AM base URL, e.g.: https://cdk.iam.example.com/am. To use
                       a connection profile, just specify a unique substring or
                       alias.
  username             Username to login with. Must be an admin user with
                       appropriate rights to manage authentication
                       journeys/trees.
  password             Password.

Deployment: Cloud-only

Options:
  --check-only         Check if updated need to be apply but don't apply them.
                       (default: false)
  --force              Force restart of services if no updates are found.
  --no-wait            Don't wait for the updates to finish applying.
  --timeout <seconds>  Specify a timeout in seconds how long the tool should
                       wait for the apply command to finish. Only effective
                       without --no-wait. (default: 600 secs (10 mins))
  -y, --yes            Answer y/yes to all prompts.
  -h, --help           Help
  -hh, --help-more     Help with all options.
  -hhh, --help-all     Help with all options, environment variables, and usage
                       examples.
"
`;
