// Jest Snapshot v1, https://jestjs.io/docs/snapshot-testing

exports[`CLI help interface for 'feature' should be expected english 1`] = `
"Usage: frodo feature [options] [command]

[Cloud-only] Manage features (e.g. groups, aiagent, am/2fa/profiles).

Deployment: Cloud-only

Options:
  -h, --help        Help
  -hh, --help-more  Help with all options.
  -hhh, --help-all  Help with all options, environment variables, and usage
                    examples.

Commands:
  describe          [Cloud-only] Describe feature.
  help              display help for command
  install           [Cloud-only] Install a feature. IRREVERSIBLE: uninstalling
                    or disabling a feature once installed requires contacting
                    Ping support and rolling back the tenant.
  list              [Cloud-only] List features.
  validate          [Cloud-only] Validate whether a feature is installable.
"
`;
