// Jest Snapshot v1, https://goo.gl/fbAQLP

exports[`CLI help interface for 'idp' should be expected english 1`] = `
"Usage: frodo idp [options] [command]

Manage (social) identity providers.

Options:
  -h, --help  Help

Commands:
  delete      Delete (social) identity providers.
  export      Export (social) identity providers.
  help        display help for command
  import      Import (social) identity providers.
  list        List (social) identity providers.
"
`;
