// Jest Snapshot v1, https://jestjs.io/docs/snapshot-testing

exports[`CLI help interface for 'log' should be expected english 1`] = `
"Usage: frodo log [options] [command]

[Cloud-only] View Identity Cloud logs. If valid tenant admin credentials are
specified, a log API key and secret are automatically created for that admin
user.

Deployment: Cloud-only

Options:
  -h, --help        Help
  -hh, --help-more  Help with all options.
  -hhh, --help-all  Help with all options, environment variables, and usage
                    examples.

Commands:
  fetch             [Cloud-only] Fetch Identity Cloud logs between a specified
                    begin and end time period.  WARNING: depending on filters
                    and time period specified, this could take substantial time
                    to complete.
  key               [Cloud-only] Manage Identity Cloud log API keys.
  list              [Cloud-only] List available ID Cloud log sources.
  tail              [Cloud-only] Tail Identity Cloud logs.

Utilities:
  help              display help for command
"
`;
