// Jest Snapshot v1, https://goo.gl/fbAQLP

exports[`CLI help interface for 'mapping export' should be expected english 1`] = `
"Usage: frodo mapping export [options] [host] [realm] [username] [password]

Export IDM mappings.

Arguments:
  host                                             AM base URL, e.g.: https://cdk.iam.example.com/am. To use a connection profile, just specify a unique substring or alias.
  realm                                            Realm. Specify realm as '/' for the root realm or 'realm' or '/parent/child' otherwise. (default: "alpha" for Identity Cloud tenants, "/" otherwise.)
  username                                         Username to login with. Must be an admin user with appropriate rights to manage authentication journeys/trees.
  password                                         Password.

Options:
  -a, --all                                        Export all mappings. Ignored with -i.
  -A, --all-separate                               Export all mappings into separate JSON files in directory -D. Ignored with -i and -a.
  -c, --connector-id <connector-id>                Connector id. If specified, limits mappings to that particular connector; Ignored with -i.
  -f, --file <file>                                Export file. Ignored with -A.
  -i, --mapping-id <mapping-id>                    Mapping id. If specified, -a is ignored.
  -N, --no-metadata                                Does not include metadata in the export file.
  --no-deps                                        Do not include any dependencies in export.
  -t, --managed-object-type <managed-object-type>  Managed object type. If specified, limits mappings to that particular managed object type. Ignored with -i.
  --use-string-arrays                              Where applicable, use string arrays to store multi-line text (e.g. scripts). (default: off)
  -h, --help                                       Help
  -hh, --help-more                                 Help with all options.
  -hhh, --help-all                                 Help with all options, environment variables, and usage examples.
"
`;
