// Jest Snapshot v1, https://jestjs.io/docs/snapshot-testing

exports[`CLI help interface for 'secretstore mapping alias' should be expected english 1`] = `
"Usage: frodo secretstore mapping alias [options] [command]

Manage secret store mapping aliases.

Options:
  -h, --help        Help
  -hh, --help-more  Help with all options.
  -hhh, --help-all  Help with all options, environment variables, and usage
                    examples.

Commands:
  activate          Activate secret store mapping alias.
  create            Create secret store mapping alias.
  delete            Delete secret store mapping aliases.
  list              List secret store mapping aliases.

Utilities:
  help              display help for command
"
`;
