// Jest Snapshot v1, https://goo.gl/fbAQLP

exports[`frodo agent web export "frodo agent web export --agent-id frodo-test-web-agent": should export the web agent with agent id "frodo-test-web-agent" 1`] = `0`;

exports[`frodo agent web export "frodo agent web export --agent-id frodo-test-web-agent": should export the web agent with agent id "frodo-test-web-agent" 2`] = `""`;

exports[`frodo agent web export "frodo agent web export --all": should export all web agents to a single file 1`] = `0`;

exports[`frodo agent web export "frodo agent web export --all": should export all web agents to a single file 2`] = `""`;

exports[`frodo agent web export "frodo agent web export --all-separate --no-metadata --directory agentWebExportTestDir3": should export all web agents to separate files in the directory agentWebExportTestDir3 1`] = `0`;

exports[`frodo agent web export "frodo agent web export --all-separate --no-metadata --directory agentWebExportTestDir3": should export all web agents to separate files in the directory agentWebExportTestDir3 2`] = `""`;

exports[`frodo agent web export "frodo agent web export -A": should export all web agents to separate files 1`] = `0`;

exports[`frodo agent web export "frodo agent web export -A": should export all web agents to separate files 2`] = `""`;

exports[`frodo agent web export "frodo agent web export -NaD agentWebExportTestDir2": should export all web agents to a single file in the directory agentWebExportTestDir2 1`] = `0`;

exports[`frodo agent web export "frodo agent web export -NaD agentWebExportTestDir2": should export all web agents to a single file in the directory agentWebExportTestDir2 2`] = `""`;

exports[`frodo agent web export "frodo agent web export -Ni frodo-test-web-agent -D agentWebExportTestDir1": should export the web agent with agent id "frodo-test-web-agent" into the directory agentWebExportTestDir1 1`] = `0`;

exports[`frodo agent web export "frodo agent web export -Ni frodo-test-web-agent -D agentWebExportTestDir1": should export the web agent with agent id "frodo-test-web-agent" into the directory agentWebExportTestDir1 2`] = `""`;

exports[`frodo agent web export "frodo agent web export -i frodo-test-web-agent -f my-frodo-test-web-agent.web.agent.json": should export the web agent with agent id "frodo-test-web-agent" into file named test.json 1`] = `0`;

exports[`frodo agent web export "frodo agent web export -i frodo-test-web-agent -f my-frodo-test-web-agent.web.agent.json": should export the web agent with agent id "frodo-test-web-agent" into file named test.json 2`] = `""`;
