// Jest Snapshot v1, https://goo.gl/fbAQLP

exports[`frodo authz type export "frodo authz type export --all": should export all resource types to a single file 1`] = `0`;

exports[`frodo authz type export "frodo authz type export --all": should export all resource types to a single file 2`] = `""`;

exports[`frodo authz type export "frodo authz type export --modified-properties --all-separate --no-metadata --directory authzTypeExportTestDir4": should export all resource types to separate files in the directory authzTypeExportTestDir4 1`] = `0`;

exports[`frodo authz type export "frodo authz type export --modified-properties --all-separate --no-metadata --directory authzTypeExportTestDir4": should export all resource types to separate files in the directory authzTypeExportTestDir4 2`] = `""`;

exports[`frodo authz type export "frodo authz type export --type-id 76656a38-5f8e-401b-83aa-4ccb74ce88d2": should export the resource type with id "76656a38-5f8e-401b-83aa-4ccb74ce88d2" 1`] = `0`;

exports[`frodo authz type export "frodo authz type export --type-id 76656a38-5f8e-401b-83aa-4ccb74ce88d2": should export the resource type with id "76656a38-5f8e-401b-83aa-4ccb74ce88d2" 2`] = `""`;

exports[`frodo authz type export "frodo authz type export --type-name URL -f test.json": should export the resource type named "URL" 1`] = `0`;

exports[`frodo authz type export "frodo authz type export --type-name URL -f test.json": should export the resource type named "URL" 2`] = `""`;

exports[`frodo authz type export "frodo authz type export -A": should export all resource types to separate files 1`] = `0`;

exports[`frodo authz type export "frodo authz type export -A": should export all resource types to separate files 2`] = `""`;

exports[`frodo authz type export "frodo authz type export -MNaD authzTypeExportTestDir3": should export all resource types to a single file in the directory authzTypeExportTestDir3 1`] = `0`;

exports[`frodo authz type export "frodo authz type export -MNaD authzTypeExportTestDir3": should export all resource types to a single file in the directory authzTypeExportTestDir3 2`] = `""`;

exports[`frodo authz type export "frodo authz type export -MNn URL -D authzTypeExportTestDir1": should export the resource type named "URL" to the directory authzTypeExportTestDir1 1`] = `0`;

exports[`frodo authz type export "frodo authz type export -MNn URL -D authzTypeExportTestDir1": should export the resource type named "URL" to the directory authzTypeExportTestDir1 2`] = `""`;

exports[`frodo authz type export "frodo authz type export -Ni 76656a38-5f8e-401b-83aa-4ccb74ce88d2 -D authzTypeExportTestDir2": should export the resource type with id "76656a38-5f8e-401b-83aa-4ccb74ce88d2" into the directory authzTypeExportTestDir2 1`] = `0`;

exports[`frodo authz type export "frodo authz type export -Ni 76656a38-5f8e-401b-83aa-4ccb74ce88d2 -D authzTypeExportTestDir2": should export the resource type with id "76656a38-5f8e-401b-83aa-4ccb74ce88d2" into the directory authzTypeExportTestDir2 2`] = `""`;

exports[`frodo authz type export "frodo authz type export -a --file my-allAlphaResourceTypes.resourcetype.authz.json": should export all resource types to a single file named my-allAlphaResourceTypes.resourcetype.authz.json 1`] = `0`;

exports[`frodo authz type export "frodo authz type export -a --file my-allAlphaResourceTypes.resourcetype.authz.json": should export all resource types to a single file named my-allAlphaResourceTypes.resourcetype.authz.json 2`] = `""`;

exports[`frodo authz type export "frodo authz type export -i 76656a38-5f8e-401b-83aa-4ccb74ce88d2 -f my-76656a38-5f8e-401b-83aa-4ccb74ce88d2.resourcetype.authz.json": should export the resource type with id "76656a38-5f8e-401b-83aa-4ccb74ce88d2" into file named my-76656a38-5f8e-401b-83aa-4ccb74ce88d2.resourcetype.authz.json 1`] = `0`;

exports[`frodo authz type export "frodo authz type export -i 76656a38-5f8e-401b-83aa-4ccb74ce88d2 -f my-76656a38-5f8e-401b-83aa-4ccb74ce88d2.resourcetype.authz.json": should export the resource type with id "76656a38-5f8e-401b-83aa-4ccb74ce88d2" into file named my-76656a38-5f8e-401b-83aa-4ccb74ce88d2.resourcetype.authz.json 2`] = `""`;

exports[`frodo authz type export "frodo authz type export -n URL": should export the resource type named "URL" 1`] = `0`;

exports[`frodo authz type export "frodo authz type export -n URL": should export the resource type named "URL" 2`] = `""`;
