// Jest Snapshot v1, https://goo.gl/fbAQLP

exports[`frodo authn import "frodo authn import --file root-alpha.authentication.settings.json --directory test/e2e/exports/all-separate/cloud/realm/root-alpha/authentication": should import authentication settings from the file root-alpha.authentication.settings.json in the directory test/e2e/exports/all-separate/cloud/realm/root-alpha/authentication 1`] = `""`;

exports[`frodo authn import "frodo authn import -f test/e2e/exports/all-separate/cloud/realm/root-alpha/authentication/root-alpha.authentication.settings.json": should import authentication settings from the file root-alpha.authentication.settings.json 1`] = `""`;
