// Jest Snapshot v1, https://goo.gl/fbAQLP

exports[`frodo config-manager push password-policy Cloud "frodo config-manager push password-policy -D test/e2e/exports/fr-config-manager/cloud -m cloud": should import the password policy into AIC" 1`] = `""`;

exports[`frodo config-manager push password-policy Cloud "frodo config-manager push password-policy -r alpha -D test/e2e/exports/fr-config-manager/cloud -m cloud": should import a specific password policy by name into AIC" 1`] = `""`;
