// Jest Snapshot v1, https://goo.gl/fbAQLP

exports[`frodo config-manager pull telemetry "frodo config-manager pull telemetry --category splunk": should export only splunk exporters 1`] = `0`;

exports[`frodo config-manager pull telemetry "frodo config-manager pull telemetry --category splunk": should export only splunk exporters 2`] = `""`;

exports[`frodo config-manager pull telemetry "frodo config-manager pull telemetry --category splunk": should export only splunk exporters: telemetryTestDir2/telemetry/splunk/frodo-test-splunk-1.json 1`] = `
{
  "endpoint": "https://example.com:8088'",
  "id": "frodo-test-splunk-1",
  "index": "test",
  "sources": [
    "am-access",
  ],
  "token": "",
}
`;

exports[`frodo config-manager pull telemetry "frodo config-manager pull telemetry -c otlp -n test-otlp": should export a single named exporter 1`] = `0`;

exports[`frodo config-manager pull telemetry "frodo config-manager pull telemetry -c otlp -n test-otlp": should export a single named exporter 2`] = `""`;

exports[`frodo config-manager pull telemetry "frodo config-manager pull telemetry -c otlp -n test-otlp": should export a single named exporter: telemetryTestDir3/telemetry/otlp/test-otlp.json 1`] = `
{
  "encoding": "JSON",
  "endpoint": "https://example-siem.com:4317",
  "headers": {
    "api-key": "\${TELEMETRY_HEADER_OTLP_TEST_OTLP_API_KEY}",
    "api-secret": "\${TELEMETRY_HEADER_OTLP_TEST_OTLP_API_SECRET}",
  },
  "id": "test-otlp",
  "sources": [
    "am-activity",
    "idm-activity",
  ],
  "type": "HTTP",
}
`;

exports[`frodo config-manager pull telemetry "frodo config-manager pull telemetry -c otlp": should export only the otlp exporter 1`] = `0`;

exports[`frodo config-manager pull telemetry "frodo config-manager pull telemetry -c otlp": should export only the otlp exporter 2`] = `""`;

exports[`frodo config-manager pull telemetry "frodo config-manager pull telemetry -c otlp": should export only the otlp exporter: telemetryTestDir5/telemetry/otlp/test-otlp.json 1`] = `
{
  "encoding": "JSON",
  "endpoint": "https://example-siem.com:4317",
  "headers": {
    "api-key": "\${TELEMETRY_HEADER_OTLP_TEST_OTLP_API_KEY}",
    "api-secret": "\${TELEMETRY_HEADER_OTLP_TEST_OTLP_API_SECRET}",
  },
  "id": "test-otlp",
  "sources": [
    "am-activity",
    "idm-activity",
  ],
  "type": "HTTP",
}
`;

exports[`frodo config-manager pull telemetry "frodo config-manager pull telemetry -n test-otlp": should export a single named exporter 1`] = `0`;

exports[`frodo config-manager pull telemetry "frodo config-manager pull telemetry -n test-otlp": should export a single named exporter 2`] = `""`;

exports[`frodo config-manager pull telemetry "frodo config-manager pull telemetry -n test-otlp": should export a single named exporter: telemetryTestDir4/telemetry/otlp/test-otlp.json 1`] = `
{
  "encoding": "JSON",
  "endpoint": "https://example-siem.com:4317",
  "headers": {
    "api-key": "\${TELEMETRY_HEADER_OTLP_TEST_OTLP_API_KEY}",
    "api-secret": "\${TELEMETRY_HEADER_OTLP_TEST_OTLP_API_SECRET}",
  },
  "id": "test-otlp",
  "sources": [
    "am-activity",
    "idm-activity",
  ],
  "type": "HTTP",
}
`;

exports[`frodo config-manager pull telemetry "frodo config-manager pull telemetry": should export telemetry in fr-config-manager style" 1`] = `0`;

exports[`frodo config-manager pull telemetry "frodo config-manager pull telemetry": should export telemetry in fr-config-manager style" 2`] = `""`;

exports[`frodo config-manager pull telemetry "frodo config-manager pull telemetry": should export telemetry in fr-config-manager style": telemetryTestDir/telemetry/otlp/test-otlp.json 1`] = `
{
  "encoding": "JSON",
  "endpoint": "https://example-siem.com:4317",
  "headers": {
    "api-key": "\${TELEMETRY_HEADER_OTLP_TEST_OTLP_API_KEY}",
    "api-secret": "\${TELEMETRY_HEADER_OTLP_TEST_OTLP_API_SECRET}",
  },
  "id": "test-otlp",
  "sources": [
    "am-activity",
    "idm-activity",
  ],
  "type": "HTTP",
}
`;
