// Jest Snapshot v1, https://goo.gl/fbAQLP

exports[`frodo config-manager pulls "frodo config-manager pull authz-policies --directory configManagerExportAuthzPoliciesDir4 -r bravo": should export policies, policy-sets, and resource-types from the bravo realm in fr-config manager style. 1`] = `0`;

exports[`frodo config-manager pulls "frodo config-manager pull authz-policies --directory configManagerExportAuthzPoliciesDir4 -r bravo": should export policies, policy-sets, and resource-types from the bravo realm in fr-config manager style. 2`] = `""`;

exports[`frodo config-manager pulls "frodo config-manager pull authz-policies -D configManagerExportAuthzPoliciesDir2": should export policies, policy-sets, and resource-types from all realms in fr-config manager style. 1`] = `0`;

exports[`frodo config-manager pulls "frodo config-manager pull authz-policies -D configManagerExportAuthzPoliciesDir2": should export policies, policy-sets, and resource-types from all realms in fr-config manager style. 2`] = `""`;

exports[`frodo config-manager pulls "frodo config-manager pull authz-policies -D configManagerExportAuthzPoliciesDir3 -r alpha": should export policies, policy-sets, and resource-types from the alpha realm in fr-config manager style. 1`] = `0`;

exports[`frodo config-manager pulls "frodo config-manager pull authz-policies -D configManagerExportAuthzPoliciesDir3 -r alpha": should export policies, policy-sets, and resource-types from the alpha realm in fr-config manager style. 2`] = `""`;

exports[`frodo config-manager pulls "frodo config-manager pull authz-policies -D configManagerExportAuthzPoliciesDir5 -n murphyTestPolicySet -r bravo": should export only the policy set with the id: "murphyTestPolicySet". 1`] = `0`;

exports[`frodo config-manager pulls "frodo config-manager pull authz-policies -D configManagerExportAuthzPoliciesDir5 -n murphyTestPolicySet -r bravo": should export only the policy set with the id: "murphyTestPolicySet". 2`] = `""`;

exports[`frodo config-manager pulls "frodo config-manager pull authz-policies -D configManagerExportAuthzPoliciesDir6-f test/e2e/fr-config-manager-pull-config/authz-policies.json" : should export only the policy set with the id: "murphyTestPolicySet". 1`] = `0`;

exports[`frodo config-manager pulls "frodo config-manager pull authz-policies -D configManagerExportAuthzPoliciesDir6-f test/e2e/fr-config-manager-pull-config/authz-policies.json" : should export only the policy set with the id: "murphyTestPolicySet". 2`] = `""`;
