// Jest Snapshot v1, https://goo.gl/fbAQLP

exports[`"frodo config-manager push locales -D test/e2e/exports/fr-config-manager/forgeops -m forgeops": should import the locales into forgeops" 1`] = `""`;

exports[`"frodo config-manager push locales -n fr -D test/e2e/exports/fr-config-manager/forgeops -m forgeops": should import a specific locale by name into forgeops" 1`] = `""`;
