// Jest Snapshot v1, https://goo.gl/fbAQLP

exports[`frodo conn list "frodo conn list --long": should list the connection hosts, service accounts, usernames, and log API keys. 1`] = `
"Host                                       │Service Account│Username                     │Log API Key
https://openam-frodo-dev.forgeblocks.com/am│frodo-test     │volker.scheuber@forgerock.com│           
"
`;

exports[`frodo conn list "frodo conn list -l": should list the connection hosts, service accounts, usernames, and log API keys. 1`] = `
"Host                                       │Service Account│Username                     │Log API Key
https://openam-frodo-dev.forgeblocks.com/am│frodo-test     │volker.scheuber@forgerock.com│           
"
`;

exports[`frodo conn list "frodo conn list": should list the connection hosts 1`] = `
"https://openam-frodo-dev.forgeblocks.com/am
"
`;
