// Jest Snapshot v1, https://goo.gl/fbAQLP

exports[`frodo email template list "frodo email template list --long": should list the ids, names, statuses, locales, senders (from), and subjects of the email templates 1`] = `
"Id               │Name        │Status  │Locale(s)│From                        │Subject                       
forgottenUsername│            │enabled │en (fr)  │                            │Account Information - username
registration     │            │enabled │en (fr)  │                            │Register new account          
resetPassword    │            │enabled │en (fr)  │                            │Reset your password           
testTemplate     │TestTemplate│disabled│en (es)  │"Test From" <from@email.com>│                              
updatePassword   │            │enabled │en       │                            │Update your password          
welcome          │Welcome     │enabled │en       │saas@forgerock.com          │Your account has been created 
"
`;

exports[`frodo email template list "frodo email template list -l": should list the ids, names, statuses, locales, senders (from), and subjects of the email templates 1`] = `
"Id               │Name        │Status  │Locale(s)│From                        │Subject                       
forgottenUsername│            │enabled │en (fr)  │                            │Account Information - username
registration     │            │enabled │en (fr)  │                            │Register new account          
resetPassword    │            │enabled │en (fr)  │                            │Reset your password           
testTemplate     │TestTemplate│disabled│en (es)  │"Test From" <from@email.com>│                              
updatePassword   │            │enabled │en       │                            │Update your password          
welcome          │Welcome     │enabled │en       │saas@forgerock.com          │Your account has been created 
"
`;

exports[`frodo email template list "frodo email template list": should list the ids of the email templates 1`] = `
"forgottenUsername
registration
resetPassword
testTemplate
updatePassword
welcome
"
`;
