// Jest Snapshot v1, https://goo.gl/fbAQLP

exports[`frodo email template import "frodo email template import --all --file test/e2e/exports/all/allEmailTemplates.template.email.json": should import all email templates from the file "test/e2e/exports/all/allEmailTemplates.template.email.json" 1`] = `""`;

exports[`frodo email template import "frodo email template import --all-separate --directory test/e2e/exports/all-separate/cloud/global/emailTemplate": should import all email templates from the test/e2e/exports/all-separate/cloud/global/emailTemplate directory" 1`] = `""`;

exports[`frodo email template import "frodo email template import --file test/e2e/exports/all/allEmailTemplates.template.email.json": should import the first email template from the file "test/e2e/exports/all/allEmailTemplates.template.email.json" 1`] = `""`;

exports[`frodo email template import "frodo email template import --raw -AD test/e2e/exports/all-separate/raw": should import all email templates from the test/e2e/exports/all-separate/raw directory" 1`] = `""`;

exports[`frodo email template import "frodo email template import --raw -f emailTemplate-welcome.json -D test/e2e/exports/all-separate/raw": should import the first email template from the file "test/e2e/exports/all-separate/raw/emailTemplate-welcome.json" 1`] = `""`;

exports[`frodo email template import "frodo email template import --raw -i welcome -f emailTemplate-welcome.json -D test/e2e/exports/all-separate/raw": should import the email template with the id "welcome" from the file "test/e2e/exports/all-separate/raw/emailTemplate-welcome.json" 1`] = `""`;

exports[`frodo email template import "frodo email template import --template-id welcome --file test/e2e/exports/all/allEmailTemplates.template.email.json": should import the email template with the id "welcome" from the file "test/e2e/exports/all/allEmailTemplates.template.email.json" 1`] = `""`;

exports[`frodo email template import "frodo email template import -AD test/e2e/exports/all-separate/idm/global/emailTemplate -m idm": should import all on prem idm email templates from the directory" 1`] = `""`;

exports[`frodo email template import "frodo email template import -af allEmailTemplates.template.email.json -D test/e2e/exports/all": should import all email templates from the file "test/e2e/exports/all/allEmailTemplates.template.email.json" 1`] = `""`;

exports[`frodo email template import "frodo email template import -af test/e2e/exports/all/allEmailTemplates.template.email.json": should import all email templates from the file "test/e2e/exports/all/allEmailTemplates.template.email.json" 1`] = `""`;

exports[`frodo email template import "frodo email template import -af test/e2e/exports/all/idm/allEmailTemplates.template.email.json -m idm": should import email template for on prem idm from one file 1`] = `""`;
