// Jest Snapshot v1, https://goo.gl/fbAQLP

exports[`frodo esv secret delete "frodo esv secret delete --secret-id esv-test-secret-pi-generic": should display error when the secret with id 'esv-test-secret-pi-generic' cannot be deleted since it does not exist 1`] = `
"Connected to https://openam-frodo-dev.forgeblocks.com/am [alpha] as service account frodo-test [b672336b-41ef-428d-ae4a-e0c082875377]
- Deleting secret esv-test-secret-pi-generic...
✖ Error: 404 - The secret does not exist or does not have a version
"
`;

exports[`frodo esv secret delete "frodo esv secret delete -i esv-test-secret-pi-generic": should delete the secret with id 'esv-test-secret-pi-generic' 1`] = `""`;
