// Jest Snapshot v1, https://goo.gl/fbAQLP

exports[`frodo esv secret version create "frodo esv secret version create --file test/e2e/test-data/esv/hmac-key.txt -i esv-test-secret-file-base64hmac-raw": should create a new version of the "esv-test-secret-file-base64hmac-raw" secret 1`] = `""`;

exports[`frodo esv secret version create "frodo esv secret version create -i esv-test-secret-cert-pem-raw --file test/e2e/test-data/esv/key-pair.pem": should create a new version of the "esv-test-secret-cert-pem-raw" secret 1`] = `""`;

exports[`frodo esv secret version create "frodo esv secret version create -i esv-test-secret-pi-generic --value "3.1"": should create a new version of the "esv-test-var-pi-generic" secret 1`] = `""`;
