// Jest Snapshot v1, https://goo.gl/fbAQLP

exports[`frodo idm import "frodo idm import --entity-id sync -f test/e2e/exports/all-separate/forgeops/global/sync/sync.idm.json -m forgeops": Should import idm configuration 'sync'. 1`] = `""`;

exports[`frodo idm import "frodo idm import --entity-id sync -f test/e2e/exports/all-separate/forgeops/global/sync/sync.idm.json -m forgeops": Should import idm configuration 'sync'. 2`] = `""`;

exports[`frodo idm import "frodo idm import --file test/e2e/exports/all-separate/forgeops/global/sync/sync.idm.json -m forgeops": Should import idm configuration 'sync'. 1`] = `""`;

exports[`frodo idm import "frodo idm import --file test/e2e/exports/all-separate/forgeops/global/sync/sync.idm.json -m forgeops": Should import idm configuration 'sync'. 2`] = `
"✔ Imported sync from test/e2e/exports/all-separate/forgeops/global/sync/sync.idm.json.
"
`;

exports[`frodo idm import "frodo idm import -AD test/e2e/exports/all-separate/forgeops/global/idm -m forgeops": Should import all config from the directory 'test/e2e/exports/all-separate/forgeops/global/idm'. 1`] = `""`;

exports[`frodo idm import "frodo idm import -AD test/e2e/exports/all-separate/forgeops/global/idm -m forgeops": Should import all config from the directory 'test/e2e/exports/all-separate/forgeops/global/idm'. 2`] = `""`;

exports[`frodo idm import "frodo idm import -AD test/e2e/exports/all-separate/forgeops/global/idm -m forgeops": Should import all config from the directory 'test/e2e/exports/all-separate/forgeops/global/idm'. 3`] = `""`;

exports[`frodo idm import "frodo idm import -AD test/e2e/exports/all-separate/forgeops/global/idm -m forgeops": Should import all config from the directory 'test/e2e/exports/all-separate/forgeops/global/idm'. 4`] = `
"✔ Imported script from test/e2e/exports/all-separate/cloud/global/idm/script.idm.json.
"
`;

exports[`frodo idm import "frodo idm import -AD test/e2e/exports/all-separate/forgeops/global/idm -m forgeops": Should import all config from the directory 'test/e2e/exports/all-separate/forgeops/global/idm'. 5`] = `""`;

exports[`frodo idm import "frodo idm import -AD test/e2e/exports/all-separate/forgeops/global/idm -m forgeops": Should import all config from the directory 'test/e2e/exports/all-separate/forgeops/global/idm'. 6`] = `
"✔ Imported config entities
"
`;

exports[`frodo idm import "frodo idm import -AD test/e2e/exports/all-separate/forgeops/global/idm -m forgeops": Should import all config from the directory 'test/e2e/exports/all-separate/forgeops/global/idm'. 7`] = `""`;

exports[`frodo idm import "frodo idm import -AD test/e2e/exports/all-separate/forgeops/global/idm -m forgeops": Should import all config from the directory 'test/e2e/exports/all-separate/forgeops/global/idm'. 8`] = `""`;

exports[`frodo idm import "frodo idm import -AD test/e2e/exports/all-separate/forgeops/global/idm -m forgeops": Should import all config from the directory 'test/e2e/exports/all-separate/forgeops/global/idm'. 9`] = `""`;

exports[`frodo idm import "frodo idm import -AD test/e2e/exports/all-separate/forgeops/global/idm -m forgeops": Should import all config from the directory 'test/e2e/exports/all-separate/forgeops/global/idm'. 10`] = `
"✔ Imported config entities
"
`;

exports[`frodo idm import "frodo idm import -AD test/e2e/exports/all-separate/forgeops/global/idm -m forgeops": Should import all config from the directory 'test/e2e/exports/all-separate/forgeops/global/idm'. 11`] = `""`;

exports[`frodo idm import "frodo idm import -AD test/e2e/exports/all-separate/forgeops/global/idm -m forgeops": Should import all config from the directory 'test/e2e/exports/all-separate/forgeops/global/idm'. 12`] = `""`;

exports[`frodo idm import "frodo idm import -AD test/e2e/exports/all-separate/forgeops/global/idm -m forgeops": Should import all config from the directory 'test/e2e/exports/all-separate/forgeops/global/idm'. 13`] = `
"Error updating config entity bravoOrgPrivileges
  Network error:
    URL: https://openam-frodo-dev.forgeblocks.com/openidm/config/bravoOrgPrivileges
    Status: 403
    Code: ERR_BAD_REQUEST
    Reason: Forbidden
    Message: Access denied
✔ Imported config entities
"
`;

exports[`frodo idm import "frodo idm import -AD test/e2e/exports/all-separate/forgeops/global/idm -m forgeops": Should import all config from the directory 'test/e2e/exports/all-separate/forgeops/global/idm'. 14`] = `1`;

exports[`frodo idm import "frodo idm import -AD test/e2e/exports/all-separate/forgeops/global/idm -m forgeops": Should import all config from the directory 'test/e2e/exports/all-separate/forgeops/global/idm'. 15`] = `
"Error updating config entity endpoint/Test
  Network error:
    URL: https://openam-frodo-dev.forgeblocks.com/openidm/config/endpoint/Test
    Status: 401
    Code: ERR_BAD_REQUEST
    Reason: Unauthorized
    Message: Access Denied
Error updating config entity endpoint/testEndpoint2
  Network error:
    URL: https://openam-frodo-dev.forgeblocks.com/openidm/config/endpoint/testEndpoint2
    Status: 401
    Code: ERR_BAD_REQUEST
    Reason: Unauthorized
    Message: Access Denied
✔ Imported config entities
"
`;

exports[`frodo idm import "frodo idm import -AD test/e2e/exports/all-separate/forgeops/global/idm -m forgeops": Should import all config from the directory 'test/e2e/exports/all-separate/forgeops/global/idm'. 16`] = `1`;

exports[`frodo idm import "frodo idm import -AD test/e2e/exports/all-separate/forgeops/global/idm -m forgeops": Should import all config from the directory 'test/e2e/exports/all-separate/forgeops/global/idm'. 17`] = `""`;

exports[`frodo idm import "frodo idm import -AD test/e2e/exports/all-separate/forgeops/global/idm -m forgeops": Should import all config from the directory 'test/e2e/exports/all-separate/forgeops/global/idm'. 18`] = `
"✔ Imported config entities
"
`;

exports[`frodo idm import "frodo idm import -f test/e2e/exports/all-separate/forgeops/global/idm/endpoint/Groovy/Groovy.idm.json -m forgeops": Should import idm configuration 'endpoint/Groovy'. 1`] = `""`;

exports[`frodo idm import "frodo idm import -f test/e2e/exports/all-separate/forgeops/global/idm/endpoint/Groovy/Groovy.idm.json -m forgeops": Should import idm configuration 'endpoint/Groovy'. 2`] = `
"✔ Imported endpoint/Groovy from test/e2e/exports/all-separate/forgeops/global/idm/endpoint/Groovy/Groovy.idm.json.
"
`;

exports[`frodo idm import "frodo idm import -f test/e2e/exports/all-separate/forgeops/global/idm/managed/managed.idm.json --type forgeops": Should import idm configuration 'managed'. 1`] = `""`;

exports[`frodo idm import "frodo idm import -f test/e2e/exports/all-separate/forgeops/global/idm/managed/managed.idm.json --type forgeops": Should import idm configuration 'managed'. 2`] = `
"✔ Imported managed from test/e2e/exports/all-separate/forgeops/global/idm/managed/managed.idm.json.
"
`;

exports[`frodo idm import "frodo idm import -i endpoint/Groovy -f test/e2e/exports/all-separate/forgeops/global/idm/endpoint/Groovy/Groovy.idm.json -m forgeops": Should import idm configuration 'endpoint/Groovy'. 1`] = `""`;

exports[`frodo idm import "frodo idm import -i endpoint/Groovy -f test/e2e/exports/all-separate/forgeops/global/idm/endpoint/Groovy/Groovy.idm.json -m forgeops": Should import idm configuration 'endpoint/Groovy'. 2`] = `""`;

exports[`frodo idm import "frodo idm import -i managed -f test/e2e/exports/all-separate/forgeops/global/idm/managed/managed.idm.json --type forgeops": Should import idm configuration 'managed'. 1`] = `""`;

exports[`frodo idm import "frodo idm import -i managed -f test/e2e/exports/all-separate/forgeops/global/idm/managed/managed.idm.json --type forgeops": Should import idm configuration 'managed'. 2`] = `""`;
