// Jest Snapshot v1, https://goo.gl/fbAQLP

exports[`frodo iga workflow list "frodo iga workflow list --long": should list the ids, names, mutability, and statuses of the workflows. 1`] = `
"ID                                 │Name                                   │Drafted│Published│Mutable
createNonEmployee                  │CreateNonEmployee                      │true   │false    │true   
phhBasicApplicationGrant           │phh-BasicApplicationGrant              │true   │true     │true   
phhInternalRoleEntitlementGrant    │phh-InternalRoleEntitlementGrant       │true   │false    │true   
phhNewUserCreate                   │phh-new-user-create                    │true   │true     │true   
testWorkflow1                      │test_workflow_1                        │true   │true     │true   
testWorkflow4                      │test_workflow_4                        │true   │true     │true   
testWorkflow5                      │test_workflow_5                        │true   │false    │true   
testWorkflow7                      │test_workflow_7                        │true   │true     │true   
testWorkflow8                      │test_workflow_8                        │true   │true     │true   
wfEntitlementExampleIsPrivileged   │wfEntitlementExampleIsPrivileged       │true   │false    │true   
BasicApplicationGrant              │BasicApplicationGrant                  │false  │true     │false  
BasicApplicationRemove             │BasicApplicationRemove                 │false  │true     │false  
BasicEntitlementGrant              │BasicEntitlementGrant                  │false  │true     │false  
BasicEntitlementRemove             │BasicEntitlementRemove                 │false  │true     │false  
BasicRoleGrant                     │BasicRoleGrant                         │false  │true     │false  
BasicRoleRemove                    │BasicRoleRemove                        │false  │true     │false  
BasicViolationProcess              │BasicViolationProcess                  │false  │true     │false  
CreateEntitlement                  │CreateEntitlement                      │false  │true     │false  
CreateUser                         │CreateUser                             │false  │true     │false  
DeleteUser                         │DeleteUser                             │false  │true     │false  
ModifyEntitlement                  │ModifyEntitlement                      │false  │true     │false  
ModifyUser                         │ModifyUser                             │false  │true     │false  
phhBirthrightRolesRequiringApproval│phh-birthright-roles-requiring-approval│false  │true     │true   
phhDelegatedUserDisableWorkflow    │phh-delegated-user-disable-workflow    │false  │true     │true   
phhNeDisable                       │phh-ne-disable                         │false  │true     │true   
testWorkflow6                      │test_workflow_6                        │false  │true     │true   
"
`;

exports[`frodo iga workflow list "frodo iga workflow list --long": should list the ids, names, mutability, and statuses of the workflows. 2`] = `""`;

exports[`frodo iga workflow list "frodo iga workflow list -l": should list the ids, names, mutability, and statuses of the workflows. 1`] = `
"ID                                 │Name                                   │Drafted│Published│Mutable
createNonEmployee                  │CreateNonEmployee                      │true   │false    │true   
phhBasicApplicationGrant           │phh-BasicApplicationGrant              │true   │true     │true   
phhInternalRoleEntitlementGrant    │phh-InternalRoleEntitlementGrant       │true   │false    │true   
phhNewUserCreate                   │phh-new-user-create                    │true   │true     │true   
testWorkflow1                      │test_workflow_1                        │true   │true     │true   
testWorkflow4                      │test_workflow_4                        │true   │true     │true   
testWorkflow5                      │test_workflow_5                        │true   │false    │true   
testWorkflow7                      │test_workflow_7                        │true   │true     │true   
testWorkflow8                      │test_workflow_8                        │true   │true     │true   
wfEntitlementExampleIsPrivileged   │wfEntitlementExampleIsPrivileged       │true   │false    │true   
BasicApplicationGrant              │BasicApplicationGrant                  │false  │true     │false  
BasicApplicationRemove             │BasicApplicationRemove                 │false  │true     │false  
BasicEntitlementGrant              │BasicEntitlementGrant                  │false  │true     │false  
BasicEntitlementRemove             │BasicEntitlementRemove                 │false  │true     │false  
BasicRoleGrant                     │BasicRoleGrant                         │false  │true     │false  
BasicRoleRemove                    │BasicRoleRemove                        │false  │true     │false  
BasicViolationProcess              │BasicViolationProcess                  │false  │true     │false  
CreateEntitlement                  │CreateEntitlement                      │false  │true     │false  
CreateUser                         │CreateUser                             │false  │true     │false  
DeleteUser                         │DeleteUser                             │false  │true     │false  
ModifyEntitlement                  │ModifyEntitlement                      │false  │true     │false  
ModifyUser                         │ModifyUser                             │false  │true     │false  
phhBirthrightRolesRequiringApproval│phh-birthright-roles-requiring-approval│false  │true     │true   
phhDelegatedUserDisableWorkflow    │phh-delegated-user-disable-workflow    │false  │true     │true   
phhNeDisable                       │phh-ne-disable                         │false  │true     │true   
testWorkflow6                      │test_workflow_6                        │false  │true     │true   
"
`;

exports[`frodo iga workflow list "frodo iga workflow list -l": should list the ids, names, mutability, and statuses of the workflows. 2`] = `""`;

exports[`frodo iga workflow list "frodo iga workflow list": should list the ids of the workflows 1`] = `
"createNonEmployee
phhBasicApplicationGrant
phhInternalRoleEntitlementGrant
phhNewUserCreate
testWorkflow1
testWorkflow4
testWorkflow5
testWorkflow7
testWorkflow8
wfEntitlementExampleIsPrivileged
BasicApplicationGrant
BasicApplicationRemove
BasicEntitlementGrant
BasicEntitlementRemove
BasicRoleGrant
BasicRoleRemove
BasicViolationProcess
CreateEntitlement
CreateUser
DeleteUser
ModifyEntitlement
ModifyUser
phhBirthrightRolesRequiringApproval
phhDelegatedUserDisableWorkflow
phhNeDisable
testWorkflow6
"
`;

exports[`frodo iga workflow list "frodo iga workflow list": should list the ids of the workflows 2`] = `""`;
