// Jest Snapshot v1, https://goo.gl/fbAQLP

exports[`frodo server export "frodo server export --all": should export all servers to a single file 1`] = `0`;

exports[`frodo server export "frodo server export --all": should export all servers to a single file 2`] = `""`;

exports[`frodo server export "frodo server export --all-separate --directory serverExportTestDir5": should export all servers to separate files in the directory serverExportTestDir5 1`] = `0`;

exports[`frodo server export "frodo server export --all-separate --directory serverExportTestDir5": should export all servers to separate files in the directory serverExportTestDir5 2`] = `""`;

exports[`frodo server export "frodo server export --server-id 01 --directory serverExportTestDir6": should export the server with server id "01". 1`] = `0`;

exports[`frodo server export "frodo server export --server-id 01 --directory serverExportTestDir6": should export the server with server id "01". 2`] = `""`;

exports[`frodo server export "frodo server export --server-url http://localhost:8081/am --no-extract --directory serverExportTestDir2": should export the server with url "http://localhost:8081/am". 1`] = `0`;

exports[`frodo server export "frodo server export --server-url http://localhost:8081/am --no-extract --directory serverExportTestDir2": should export the server with url "http://localhost:8081/am". 2`] = `""`;

exports[`frodo server export "frodo server export -AxNdD serverExportTestDir4": should export all servers to separate files along with default properties 1`] = `0`;

exports[`frodo server export "frodo server export -AxNdD serverExportTestDir4": should export all servers to separate files along with default properties 2`] = `""`;

exports[`frodo server export "frodo server export -axNdf serverExportTestFile3.json -D serverExportTestDir3": should export all servers to a single file in the directory serverExportTestDir3 along with default properties. 1`] = `0`;

exports[`frodo server export "frodo server export -axNdf serverExportTestFile3.json -D serverExportTestDir3": should export all servers to a single file in the directory serverExportTestDir3 along with default properties. 2`] = `""`;

exports[`frodo server export "frodo server export -i 01 -f serverExportTestFile1.json -xNdD serverExportTestDir1": should export the server with server id "01" along with default properties. 1`] = `0`;

exports[`frodo server export "frodo server export -i 01 -f serverExportTestFile1.json -xNdD serverExportTestDir1": should export the server with server id "01" along with default properties. 2`] = `""`;

exports[`frodo server export "frodo server export -u 8081 --file serverExportTestFile2.json --default --no-metadata": should export the server with url containing "8081" along with default properties. 1`] = `0`;

exports[`frodo server export "frodo server export -u 8081 --file serverExportTestFile2.json --default --no-metadata": should export the server with url containing "8081" along with default properties. 2`] = `""`;
